--------------------------- cycle:0 ---------------------------
[     ]   [     ]   [     ]   [     ]   [     ]   [     ]   [     ]   [     ]

[     ]   [     ]   [     ] → [     ]   [  2  ] ⇄ [     ] ⇄ [     ]   [     ]
                       ↑         ⇅         ↓                   ↑
[     ]   [     ]   [     ]   [     ] ⇄ [  4  ] → [     ] → [     ]   [     ]
                       ↑         ↓         ⇅         ⇅
[     ]   [     ]   [     ] ← [     ] ⇄ [  1  ] ⇄ [     ]   [     ]   [     ]
                       ↓         ↓                   ↓         ⇅
[     ]   [     ] ← [     ] ⇄ [     ] ⇄ [     ] → [     ] → [     ]   [     ]
             ↓         ⇅         ⇅         ⇅         ↓         ↓
[     ]   [     ] → [     ] → [     ] ⇄ [  0  ] ← [     ]   [     ]   [     ]
             ⇅         ⇅         ⇅         ↓         ⇅         ↓
[     ]   [     ] → [     ] ⇄ [     ] ← [     ] ← [     ] ← [     ]   [     ]
             ↑                   ↓                   ⇅         ⇅
[     ]   [     ] ← [     ] ← [     ]   [     ]   [     ]   [     ]   [     ]
--------------------------- cycle:1 ---------------------------
[     ]   [     ]   [     ]   [     ]   [     ]   [     ]   [     ]   [     ]

[     ]   [     ]   [     ] → [     ]   [     ] ⇄ [  5  ] ⇄ [     ]   [     ]
                       ↑         ⇅         ↓                   ↑
[     ]   [     ]   [     ]   [ 21  ] ⇄ [     ] → [     ] → [     ]   [     ]
                       ↑         ↓         ⇅         ⇅
[     ]   [     ]   [     ] ← [     ] ⇄ [     ] ⇄ [  9  ]   [     ]   [     ]
                       ↓         ↓                   ↓         ⇅
[     ]   [     ] ← [     ] ⇄ [     ] ⇄ [  8  ] → [     ] → [     ]   [     ]
             ↓         ⇅         ⇅         ⇅         ↓         ↓
[     ]   [     ] → [     ] → [     ] ⇄ [     ] ← [     ]   [     ]   [     ]
             ⇅         ⇅         ⇅         ↓         ⇅         ↓
[     ]   [     ] → [     ] ⇄ [     ] ← [     ] ← [     ] ← [     ]   [     ]
             ↑                   ↓                   ⇅         ⇅
[     ]   [     ] ← [     ] ← [     ]   [     ]   [     ]   [     ]   [     ]
--------------------------- cycle:2 ---------------------------
[     ]   [     ]   [     ]   [     ]   [     ]   [     ]   [     ]   [     ]

[     ]   [     ]   [     ] → [ 27  ]   [     ] ⇄ [     ] ⇄ [ 25  ]   [     ]
                       ↑         ⇅         ↓                   ↑
[     ]   [     ]   [     ]   [     ] ⇄ [     ] → [ 24  ] → [     ]   [     ]
                       ↑         ↓         ⇅         ⇅
[     ]   [     ]   [     ] ← [ 22  ] ⇄ [     ] ⇄ [     ]   [     ]   [     ]
                       ↓         ↓                   ↓         ⇅
[     ]   [     ] ← [     ] ⇄ [     ] ⇄ [     ] → [ 12  ] → [     ]   [     ]
             ↓         ⇅         ⇅         ⇅         ↓         ↓
[     ]   [     ] → [     ] → [     ] ⇄ [     ] ← [     ]   [     ]   [     ]
             ⇅         ⇅         ⇅         ↓         ⇅         ↓
[     ]   [     ] → [     ] ⇄ [     ] ← [     ] ← [     ] ← [     ]   [     ]
             ↑                   ↓                   ⇅         ⇅
[     ]   [     ] ← [     ] ← [     ]   [     ]   [     ]   [     ]   [     ]
--------------------------- cycle:3 ---------------------------
[     ]   [     ]   [     ]   [     ]   [     ]   [     ]   [     ]   [     ]

[     ]   [     ]   [     ] → [     ]   [     ] ⇄ [     ] ⇄ [     ]   [     ]
                       ↑         ⇅         ↓                   ↑
[     ]   [     ]   [     ]   [     ] ⇄ [     ] → [     ] → [     ]   [     ]
                       ↑         ↓         ⇅         ⇅
[     ]   [     ]   [     ] ← [     ] ⇄ [     ] ⇄ [     ]   [     ]   [     ]
                       ↓         ↓                   ↓         ⇅
[     ]   [     ] ← [     ] ⇄ [     ] ⇄ [     ] → [     ] → [ 13  ]   [     ]
             ↓         ⇅         ⇅         ⇅         ↓         ↓
[     ]   [     ] → [     ] → [     ] ⇄ [     ] ← [     ]   [     ]   [     ]
             ⇅         ⇅         ⇅         ↓         ⇅         ↓
[     ]   [     ] → [     ] ⇄ [     ] ← [     ] ← [     ] ← [     ]   [     ]
             ↑                   ↓                   ⇅         ⇅
[     ]   [     ] ← [     ] ← [     ]   [     ]   [     ]   [     ]   [     ]
--------------------------- cycle:4 ---------------------------
[     ]   [     ]   [     ]   [     ]   [     ]   [     ]   [     ]   [     ]

[     ]   [     ]   [     ] → [     ]   [     ] ⇄ [     ] ⇄ [     ]   [     ]
                       ↑         ⇅         ↓                   ↑
[     ]   [     ]   [     ]   [     ] ⇄ [     ] → [     ] → [     ]   [     ]
                       ↑         ↓         ⇅         ⇅
[     ]   [     ]   [     ] ← [     ] ⇄ [     ] ⇄ [     ]   [ 14  ]   [     ]
                       ↓         ↓                   ↓         ⇅
[     ]   [     ] ← [     ] ⇄ [     ] ⇄ [     ] → [     ] → [     ]   [     ]
             ↓         ⇅         ⇅         ⇅         ↓         ↓
[     ]   [     ] → [     ] → [     ] ⇄ [     ] ← [     ]   [     ]   [     ]
             ⇅         ⇅         ⇅         ↓         ⇅         ↓
[     ]   [     ] → [     ] ⇄ [     ] ← [     ] ← [     ] ← [     ]   [     ]
             ↑                   ↓                   ⇅         ⇅
[     ]   [     ] ← [     ] ← [     ]   [     ]   [     ]   [     ]   [     ]
--------------------------- cycle:5 ---------------------------
[     ]   [     ]   [     ]   [     ]   [     ]   [     ]   [     ]   [     ]

[     ]   [     ]   [     ] → [     ]   [     ] ⇄ [     ] ⇄ [     ]   [     ]
                       ↑         ⇅         ↓                   ↑
[     ]   [     ]   [     ]   [     ] ⇄ [     ] → [     ] → [     ]   [     ]
                       ↑         ↓         ⇅         ⇅
[     ]   [     ]   [     ] ← [     ] ⇄ [     ] ⇄ [     ]   [     ]   [     ]
                       ↓         ↓                   ↓         ⇅
[     ]   [     ] ← [     ] ⇄ [     ] ⇄ [     ] → [     ] → [     ]   [     ]
             ↓         ⇅         ⇅         ⇅         ↓         ↓
[     ]   [     ] → [     ] → [     ] ⇄ [     ] ← [     ]   [     ]   [     ]
             ⇅         ⇅         ⇅         ↓         ⇅         ↓
[     ]   [     ] → [     ] ⇄ [     ] ← [     ] ← [     ] ← [     ]   [     ]
             ↑                   ↓                   ⇅         ⇅
[     ]   [     ] ← [     ] ← [     ]   [     ]   [ 10  ]   [     ]   [     ]
--------------------------- cycle:6 ---------------------------
[     ]   [     ]   [     ]   [     ]   [     ]   [     ]   [     ]   [     ]

[     ]   [     ]   [     ] → [     ]   [     ] ⇄ [     ] ⇄ [     ]   [     ]
                       ↑         ⇅         ↓                   ↑
[     ]   [     ]   [     ]   [     ] ⇄ [     ] → [     ] → [     ]   [     ]
                       ↑         ↓         ⇅         ⇅
[     ]   [     ]   [     ] ← [     ] ⇄ [     ] ⇄ [     ]   [     ]   [     ]
                       ↓         ↓                   ↓         ⇅
[     ]   [     ] ← [     ] ⇄ [     ] ⇄ [     ] → [     ] → [     ]   [     ]
             ↓         ⇅         ⇅         ⇅         ↓         ↓
[     ]   [     ] → [     ] → [     ] ⇄ [     ] ← [     ]   [     ]   [     ]
             ⇅         ⇅         ⇅         ↓         ⇅         ↓
[     ]   [     ] → [     ] ⇄ [     ] ← [     ] ← [ 11  ] ← [     ]   [     ]
             ↑                   ↓                   ⇅         ⇅
[     ]   [     ] ← [     ] ← [     ]   [     ]   [     ]   [     ]   [     ]
--------------------------- cycle:7 ---------------------------
[     ]   [     ]   [     ]   [     ]   [     ]   [     ]   [     ]   [     ]

[     ]   [     ]   [     ] → [     ]   [     ] ⇄ [     ] ⇄ [     ]   [     ]
                       ↑         ⇅         ↓                   ↑
[     ]   [     ]   [     ]   [     ] ⇄ [     ] → [     ] → [     ]   [     ]
                       ↑         ↓         ⇅         ⇅
[     ]   [     ]   [     ] ← [     ] ⇄ [     ] ⇄ [     ]   [     ]   [     ]
                       ↓         ↓                   ↓         ⇅
[     ]   [     ] ← [     ] ⇄ [     ] ⇄ [     ] → [     ] → [     ]   [     ]
             ↓         ⇅         ⇅         ⇅         ↓         ↓
[     ]   [     ] → [     ] → [     ] ⇄ [     ] ← [     ]   [     ]   [     ]
             ⇅         ⇅         ⇅         ↓         ⇅         ↓
[     ]   [     ] → [     ] ⇄ [     ] ← [     ] ← [     ] ← [     ]   [     ]
             ↑                   ↓                   ⇅         ⇅
[     ]   [     ] ← [     ] ← [  6  ]   [     ]   [     ]   [     ]   [     ]
--------------------------- cycle:8 ---------------------------
[     ]   [     ]   [     ]   [     ]   [     ]   [     ]   [     ]   [     ]

[     ]   [     ]   [     ] → [     ]   [     ] ⇄ [     ] ⇄ [     ]   [     ]
                       ↑         ⇅         ↓                   ↑
[     ]   [     ]   [     ]   [     ] ⇄ [     ] → [     ] → [     ]   [     ]
                       ↑         ↓         ⇅         ⇅
[     ]   [     ]   [     ] ← [     ] ⇄ [     ] ⇄ [     ]   [     ]   [     ]
                       ↓         ↓                   ↓         ⇅
[     ]   [     ] ← [     ] ⇄ [     ] ⇄ [     ] → [     ] → [     ]   [     ]
             ↓         ⇅         ⇅         ⇅         ↓         ↓
[     ]   [     ] → [     ] → [     ] ⇄ [     ] ← [     ]   [     ]   [     ]
             ⇅         ⇅         ⇅         ↓         ⇅         ↓
[     ]   [     ] → [     ] ⇄ [     ] ← [     ] ← [     ] ← [     ]   [     ]
             ↑                   ↓                   ⇅         ⇅
[     ]   [     ] ← [     ] ← [     ]   [     ]   [     ]   [ 15  ]   [     ]
--------------------------- cycle:9 ---------------------------
[     ]   [     ]   [     ]   [     ]   [     ]   [     ]   [     ]   [     ]

[     ]   [     ]   [     ] → [     ]   [     ] ⇄ [     ] ⇄ [     ]   [     ]
                       ↑         ⇅         ↓                   ↑
[     ]   [     ]   [     ]   [     ] ⇄ [     ] → [     ] → [     ]   [     ]
                       ↑         ↓         ⇅         ⇅
[     ]   [     ]   [     ] ← [     ] ⇄ [     ] ⇄ [     ]   [     ]   [     ]
                       ↓         ↓                   ↓         ⇅
[     ]   [     ] ← [     ] ⇄ [     ] ⇄ [     ] → [     ] → [     ]   [     ]
             ↓         ⇅         ⇅         ⇅         ↓         ↓
[     ]   [     ] → [     ] → [     ] ⇄ [     ] ← [     ]   [     ]   [     ]
             ⇅         ⇅         ⇅         ↓         ⇅         ↓
[     ]   [     ] → [     ] ⇄ [     ] ← [     ] ← [     ] ← [ 16  ]   [     ]
             ↑                   ↓                   ⇅         ⇅
[     ]   [     ] ← [     ] ← [     ]   [     ]   [     ]   [     ]   [     ]
--------------------------- cycle:10 ---------------------------
[     ]   [     ]   [     ]   [     ]   [     ]   [     ]   [     ]   [     ]

[     ]   [     ]   [     ] → [     ]   [     ] ⇄ [     ] ⇄ [     ]   [     ]
                       ↑         ⇅         ↓                   ↑
[     ]   [     ]   [     ]   [     ] ⇄ [     ] → [     ] → [     ]   [     ]
                       ↑         ↓         ⇅         ⇅
[     ]   [     ]   [     ] ← [     ] ⇄ [     ] ⇄ [     ]   [     ]   [     ]
                       ↓         ↓                   ↓         ⇅
[     ]   [     ] ← [     ] ⇄ [     ] ⇄ [     ] → [     ] → [     ]   [     ]
             ↓         ⇅         ⇅         ⇅         ↓         ↓
[     ]   [     ] → [     ] → [     ] ⇄ [     ] ← [     ]   [     ]   [     ]
             ⇅         ⇅         ⇅         ↓         ⇅         ↓
[     ]   [  7  ] → [     ] ⇄ [     ] ← [     ] ← [     ] ← [     ]   [     ]
             ↑                   ↓                   ⇅         ⇅
[     ]   [     ] ← [     ] ← [     ]   [     ]   [     ]   [     ]   [     ]
--------------------------- cycle:11 ---------------------------
[     ]   [     ]   [     ]   [     ]   [     ]   [     ]   [     ]   [     ]

[     ]   [     ]   [     ] → [     ]   [  2  ] ⇄ [     ] ⇄ [     ]   [     ]
                       ↑         ⇅         ↓                   ↑
[     ]   [     ]   [     ]   [     ] ⇄ [  4  ] → [     ] → [     ]   [     ]
                       ↑         ↓         ⇅         ⇅
[     ]   [     ]   [     ] ← [     ] ⇄ [  1  ] ⇄ [     ]   [     ]   [     ]
                       ↓         ↓                   ↓         ⇅
[     ]   [     ] ← [     ] ⇄ [     ] ⇄ [     ] → [     ] → [     ]   [     ]
             ↓         ⇅         ⇅         ⇅         ↓         ↓
[     ]   [     ] → [     ] → [     ] ⇄ [  0  ] ← [     ]   [     ]   [     ]
             ⇅         ⇅         ⇅         ↓         ⇅         ↓
[     ]   [     ] → [     ] ⇄ [     ] ← [ 17  ] ← [     ] ← [     ]   [     ]
             ↑                   ↓                   ⇅         ⇅
[     ]   [     ] ← [     ] ← [     ]   [     ]   [     ]   [     ]   [     ]
--------------------------- cycle:12 ---------------------------
[     ]   [     ]   [     ]   [     ]   [     ]   [     ]   [     ]   [     ]

[     ]   [     ]   [     ] → [     ]   [     ] ⇄ [  5  ] ⇄ [     ]   [     ]
                       ↑         ⇅         ↓                   ↑
[     ]   [     ]   [     ]   [ 21  ] ⇄ [     ] → [     ] → [     ]   [     ]
                       ↑         ↓         ⇅         ⇅
[     ]   [     ]   [     ] ← [     ] ⇄ [     ] ⇄ [  9  ]   [     ]   [     ]
                       ↓         ↓                   ↓         ⇅
[     ]   [     ] ← [     ] ⇄ [     ] ⇄ [  8  ] → [     ] → [     ]   [     ]
             ↓         ⇅         ⇅         ⇅         ↓         ↓
[     ]   [     ] → [     ] → [     ] ⇄ [     ] ← [     ]   [     ]   [     ]
             ⇅         ⇅         ⇅         ↓         ⇅         ↓
[     ]   [     ] → [     ] ⇄ [ 18  ] ← [     ] ← [     ] ← [     ]   [     ]
             ↑                   ↓                   ⇅         ⇅
[     ]   [     ] ← [     ] ← [     ]   [     ]   [     ]   [     ]   [     ]
--------------------------- cycle:13 ---------------------------
[     ]   [     ]   [     ]   [     ]   [     ]   [     ]   [     ]   [     ]

[     ]   [     ]   [     ] → [ 27  ]   [     ] ⇄ [     ] ⇄ [ 25  ]   [     ]
                       ↑         ⇅         ↓                   ↑
[     ]   [     ]   [     ]   [     ] ⇄ [     ] → [ 24  ] → [     ]   [     ]
                       ↑         ↓         ⇅         ⇅
[     ]   [     ]   [     ] ← [ 22  ] ⇄ [     ] ⇄ [     ]   [     ]   [     ]
                       ↓         ↓                   ↓         ⇅
[     ]   [     ] ← [     ] ⇄ [     ] ⇄ [     ] → [ 12  ] → [     ]   [     ]
             ↓         ⇅         ⇅         ⇅         ↓         ↓
[     ]   [     ] → [     ] → [ 19  ] ⇄ [     ] ← [     ]   [     ]   [     ]
             ⇅         ⇅         ⇅         ↓         ⇅         ↓
[     ]   [     ] → [ 26  ] ⇄ [     ] ← [     ] ← [     ] ← [     ]   [     ]
             ↑                   ↓                   ⇅         ⇅
[     ]   [     ] ← [     ] ← [     ]   [     ]   [     ]   [     ]   [     ]
--------------------------- cycle:14 ---------------------------
[     ]   [     ]   [     ]   [     ]   [     ]   [     ]   [     ]   [     ]

[     ]   [     ]   [     ] → [     ]   [     ] ⇄ [     ] ⇄ [     ]   [     ]
                       ↑         ⇅         ↓                   ↑
[     ]   [     ]   [     ]   [     ] ⇄ [     ] → [     ] → [     ]   [     ]
                       ↑         ↓         ⇅         ⇅
[     ]   [     ]   [     ] ← [     ] ⇄ [     ] ⇄ [     ]   [     ]   [     ]
                       ↓         ↓                   ↓         ⇅
[     ]   [     ] ← [     ] ⇄ [ 20  ] ⇄ [     ] → [     ] → [ 13  ]   [     ]
             ↓         ⇅         ⇅         ⇅         ↓         ↓
[     ]   [     ] → [  3  ] → [     ] ⇄ [     ] ← [     ]   [     ]   [     ]
             ⇅         ⇅         ⇅         ↓         ⇅         ↓
[     ]   [     ] → [     ] ⇄ [     ] ← [     ] ← [     ] ← [     ]   [     ]
             ↑                   ↓                   ⇅         ⇅
[     ]   [     ] ← [     ] ← [     ]   [     ]   [     ]   [     ]   [     ]
--------------------------- cycle:15 ---------------------------
[     ]   [     ]   [     ]   [     ]   [     ]   [     ]   [     ]   [     ]

[     ]   [     ]   [     ] → [     ]   [     ] ⇄ [     ] ⇄ [     ]   [     ]
                       ↑         ⇅         ↓                   ↑
[     ]   [     ]   [     ]   [     ] ⇄ [     ] → [     ] → [     ]   [     ]
                       ↑         ↓         ⇅         ⇅
[     ]   [     ]   [     ] ← [     ] ⇄ [     ] ⇄ [     ]   [ 14  ]   [     ]
                       ↓         ↓                   ↓         ⇅
[     ]   [     ] ← [ 23  ] ⇄ [     ] ⇄ [     ] → [     ] → [     ]   [     ]
             ↓         ⇅         ⇅         ⇅         ↓         ↓
[     ]   [     ] → [     ] → [     ] ⇄ [     ] ← [     ]   [     ]   [     ]
             ⇅         ⇅         ⇅         ↓         ⇅         ↓
[     ]   [     ] → [     ] ⇄ [     ] ← [     ] ← [     ] ← [     ]   [     ]
             ↑                   ↓                   ⇅         ⇅
[     ]   [     ] ← [     ] ← [     ]   [     ]   [     ]   [     ]   [     ]
--------------------------- cycle:16 ---------------------------
[     ]   [     ]   [     ]   [     ]   [     ]   [     ]   [     ]   [     ]

[     ]   [     ]   [     ] → [     ]   [     ] ⇄ [     ] ⇄ [     ]   [     ]
                       ↑         ⇅         ↓                   ↑
[     ]   [     ]   [     ]   [     ] ⇄ [     ] → [     ] → [     ]   [     ]
                       ↑         ↓         ⇅         ⇅
[     ]   [     ]   [     ] ← [     ] ⇄ [     ] ⇄ [     ]   [     ]   [     ]
                       ↓         ↓                   ↓         ⇅
[     ]   [     ] ← [     ] ⇄ [     ] ⇄ [     ] → [     ] → [     ]   [     ]
             ↓         ⇅         ⇅         ⇅         ↓         ↓
[     ]   [     ] → [     ] → [     ] ⇄ [     ] ← [     ]   [     ]   [     ]
             ⇅         ⇅         ⇅         ↓         ⇅         ↓
[     ]   [     ] → [     ] ⇄ [     ] ← [     ] ← [     ] ← [     ]   [     ]
             ↑                   ↓                   ⇅         ⇅
[     ]   [     ] ← [     ] ← [     ]   [     ]   [ 10  ]   [     ]   [     ]
--------------------------- cycle:17 ---------------------------
[     ]   [     ]   [     ]   [     ]   [     ]   [     ]   [     ]   [     ]

[     ]   [     ]   [     ] → [     ]   [     ] ⇄ [     ] ⇄ [     ]   [     ]
                       ↑         ⇅         ↓                   ↑
[     ]   [     ]   [     ]   [     ] ⇄ [     ] → [     ] → [     ]   [     ]
                       ↑         ↓         ⇅         ⇅
[     ]   [     ]   [     ] ← [     ] ⇄ [     ] ⇄ [     ]   [     ]   [     ]
                       ↓         ↓                   ↓         ⇅
[     ]   [     ] ← [     ] ⇄ [     ] ⇄ [     ] → [     ] → [     ]   [     ]
             ↓         ⇅         ⇅         ⇅         ↓         ↓
[     ]   [     ] → [     ] → [     ] ⇄ [     ] ← [     ]   [     ]   [     ]
             ⇅         ⇅         ⇅         ↓         ⇅         ↓
[     ]   [     ] → [     ] ⇄ [     ] ← [     ] ← [ 11  ] ← [     ]   [     ]
             ↑                   ↓                   ⇅         ⇅
[     ]   [     ] ← [     ] ← [     ]   [     ]   [     ]   [     ]   [     ]
--------------------------- cycle:18 ---------------------------
[     ]   [     ]   [     ]   [     ]   [     ]   [     ]   [     ]   [     ]

[     ]   [     ]   [     ] → [     ]   [     ] ⇄ [     ] ⇄ [     ]   [     ]
                       ↑         ⇅         ↓                   ↑
[     ]   [     ]   [     ]   [     ] ⇄ [     ] → [     ] → [     ]   [     ]
                       ↑         ↓         ⇅         ⇅
[     ]   [     ]   [     ] ← [     ] ⇄ [     ] ⇄ [     ]   [     ]   [     ]
                       ↓         ↓                   ↓         ⇅
[     ]   [     ] ← [     ] ⇄ [     ] ⇄ [     ] → [     ] → [     ]   [     ]
             ↓         ⇅         ⇅         ⇅         ↓         ↓
[     ]   [     ] → [     ] → [     ] ⇄ [     ] ← [     ]   [     ]   [     ]
             ⇅         ⇅         ⇅         ↓         ⇅         ↓
[     ]   [     ] → [     ] ⇄ [     ] ← [     ] ← [     ] ← [     ]   [     ]
             ↑                   ↓                   ⇅         ⇅
[     ]   [     ] ← [     ] ← [  6  ]   [     ]   [     ]   [     ]   [     ]
--------------------------- cycle:19 ---------------------------
[     ]   [     ]   [     ]   [     ]   [     ]   [     ]   [     ]   [     ]

[     ]   [     ]   [     ] → [     ]   [     ] ⇄ [     ] ⇄ [     ]   [     ]
                       ↑         ⇅         ↓                   ↑
[     ]   [     ]   [     ]   [     ] ⇄ [     ] → [     ] → [     ]   [     ]
                       ↑         ↓         ⇅         ⇅
[     ]   [     ]   [     ] ← [     ] ⇄ [     ] ⇄ [     ]   [     ]   [     ]
                       ↓         ↓                   ↓         ⇅
[     ]   [     ] ← [     ] ⇄ [     ] ⇄ [     ] → [     ] → [     ]   [     ]
             ↓         ⇅         ⇅         ⇅         ↓         ↓
[     ]   [     ] → [     ] → [     ] ⇄ [     ] ← [     ]   [     ]   [     ]
             ⇅         ⇅         ⇅         ↓         ⇅         ↓
[     ]   [     ] → [     ] ⇄ [     ] ← [     ] ← [     ] ← [     ]   [     ]
             ↑                   ↓                   ⇅         ⇅
[     ]   [     ] ← [     ] ← [     ]   [     ]   [     ]   [ 15  ]   [     ]
--------------------------- cycle:20 ---------------------------
[     ]   [     ]   [     ]   [     ]   [     ]   [     ]   [     ]   [     ]

[     ]   [     ]   [     ] → [     ]   [     ] ⇄ [     ] ⇄ [     ]   [     ]
                       ↑         ⇅         ↓                   ↑
[     ]   [     ]   [     ]   [     ] ⇄ [     ] → [     ] → [     ]   [     ]
                       ↑         ↓         ⇅         ⇅
[     ]   [     ]   [     ] ← [     ] ⇄ [     ] ⇄ [     ]   [     ]   [     ]
                       ↓         ↓                   ↓         ⇅
[     ]   [     ] ← [     ] ⇄ [     ] ⇄ [     ] → [     ] → [     ]   [     ]
             ↓         ⇅         ⇅         ⇅         ↓         ↓
[     ]   [     ] → [     ] → [     ] ⇄ [     ] ← [     ]   [     ]   [     ]
             ⇅         ⇅         ⇅         ↓         ⇅         ↓
[     ]   [     ] → [     ] ⇄ [     ] ← [     ] ← [     ] ← [ 16  ]   [     ]
             ↑                   ↓                   ⇅         ⇅
[     ]   [     ] ← [     ] ← [     ]   [     ]   [     ]   [     ]   [     ]
--------------------------- cycle:21 ---------------------------
[     ]   [     ]   [     ]   [     ]   [     ]   [     ]   [     ]   [     ]

[     ]   [     ]   [     ] → [     ]   [     ] ⇄ [     ] ⇄ [     ]   [     ]
                       ↑         ⇅         ↓                   ↑
[     ]   [     ]   [     ]   [     ] ⇄ [     ] → [     ] → [     ]   [     ]
                       ↑         ↓         ⇅         ⇅
[     ]   [     ]   [     ] ← [     ] ⇄ [     ] ⇄ [     ]   [     ]   [     ]
                       ↓         ↓                   ↓         ⇅
[     ]   [     ] ← [     ] ⇄ [     ] ⇄ [     ] → [     ] → [     ]   [     ]
             ↓         ⇅         ⇅         ⇅         ↓         ↓
[     ]   [     ] → [     ] → [     ] ⇄ [     ] ← [     ]   [     ]   [     ]
             ⇅         ⇅         ⇅         ↓         ⇅         ↓
[     ]   [  7  ] → [     ] ⇄ [     ] ← [     ] ← [     ] ← [     ]   [     ]
             ↑                   ↓                   ⇅         ⇅
[     ]   [     ] ← [     ] ← [     ]   [     ]   [     ]   [     ]   [     ]
--------------------------- cycle:22 ---------------------------
[     ]   [     ]   [     ]   [     ]   [     ]   [     ]   [     ]   [     ]

[     ]   [     ]   [     ] → [     ]   [  2  ] ⇄ [     ] ⇄ [     ]   [     ]
                       ↑         ⇅         ↓                   ↑
[     ]   [     ]   [     ]   [     ] ⇄ [  4  ] → [     ] → [     ]   [     ]
                       ↑         ↓         ⇅         ⇅
[     ]   [     ]   [     ] ← [     ] ⇄ [  1  ] ⇄ [     ]   [     ]   [     ]
                       ↓         ↓                   ↓         ⇅
[     ]   [     ] ← [     ] ⇄ [     ] ⇄ [     ] → [     ] → [     ]   [     ]
             ↓         ⇅         ⇅         ⇅         ↓         ↓
[     ]   [     ] → [     ] → [     ] ⇄ [  0  ] ← [     ]   [     ]   [     ]
             ⇅         ⇅         ⇅         ↓         ⇅         ↓
[     ]   [     ] → [     ] ⇄ [     ] ← [ 17  ] ← [     ] ← [     ]   [     ]
             ↑                   ↓                   ⇅         ⇅
[     ]   [     ] ← [     ] ← [     ]   [     ]   [     ]   [     ]   [     ]
--------------------------- cycle:23 ---------------------------
[     ]   [     ]   [     ]   [     ]   [     ]   [     ]   [     ]   [     ]

[     ]   [     ]   [     ] → [     ]   [     ] ⇄ [  5  ] ⇄ [     ]   [     ]
                       ↑         ⇅         ↓                   ↑
[     ]   [     ]   [     ]   [ 21  ] ⇄ [     ] → [     ] → [     ]   [     ]
                       ↑         ↓         ⇅         ⇅
[     ]   [     ]   [     ] ← [     ] ⇄ [     ] ⇄ [  9  ]   [     ]   [     ]
                       ↓         ↓                   ↓         ⇅
[     ]   [     ] ← [     ] ⇄ [     ] ⇄ [  8  ] → [     ] → [     ]   [     ]
             ↓         ⇅         ⇅         ⇅         ↓         ↓
[     ]   [     ] → [     ] → [     ] ⇄ [     ] ← [     ]   [     ]   [     ]
             ⇅         ⇅         ⇅         ↓         ⇅         ↓
[     ]   [     ] → [     ] ⇄ [ 18  ] ← [     ] ← [     ] ← [     ]   [     ]
             ↑                   ↓                   ⇅         ⇅
[     ]   [     ] ← [     ] ← [     ]   [     ]   [     ]   [     ]   [     ]
--------------------------- cycle:24 ---------------------------
[     ]   [     ]   [     ]   [     ]   [     ]   [     ]   [     ]   [     ]

[     ]   [     ]   [     ] → [ 27  ]   [     ] ⇄ [     ] ⇄ [ 25  ]   [     ]
                       ↑         ⇅         ↓                   ↑
[     ]   [     ]   [     ]   [     ] ⇄ [     ] → [ 24  ] → [     ]   [     ]
                       ↑         ↓         ⇅         ⇅
[     ]   [     ]   [     ] ← [ 22  ] ⇄ [     ] ⇄ [     ]   [     ]   [     ]
                       ↓         ↓                   ↓         ⇅
[     ]   [     ] ← [     ] ⇄ [     ] ⇄ [     ] → [ 12  ] → [     ]   [     ]
             ↓         ⇅         ⇅         ⇅         ↓         ↓
[     ]   [     ] → [     ] → [ 19  ] ⇄ [     ] ← [     ]   [     ]   [     ]
             ⇅         ⇅         ⇅         ↓         ⇅         ↓
[     ]   [     ] → [ 26  ] ⇄ [     ] ← [     ] ← [     ] ← [     ]   [     ]
             ↑                   ↓                   ⇅         ⇅
[     ]   [     ] ← [     ] ← [     ]   [     ]   [     ]   [     ]   [     ]
--------------------------- cycle:25 ---------------------------
[     ]   [     ]   [     ]   [     ]   [     ]   [     ]   [     ]   [     ]

[     ]   [     ]   [     ] → [     ]   [     ] ⇄ [     ] ⇄ [     ]   [     ]
                       ↑         ⇅         ↓                   ↑
[     ]   [     ]   [     ]   [     ] ⇄ [     ] → [     ] → [     ]   [     ]
                       ↑         ↓         ⇅         ⇅
[     ]   [     ]   [     ] ← [     ] ⇄ [     ] ⇄ [     ]   [     ]   [     ]
                       ↓         ↓                   ↓         ⇅
[     ]   [     ] ← [     ] ⇄ [ 20  ] ⇄ [     ] → [     ] → [ 13  ]   [     ]
             ↓         ⇅         ⇅         ⇅         ↓         ↓
[     ]   [     ] → [  3  ] → [     ] ⇄ [     ] ← [     ]   [     ]   [     ]
             ⇅         ⇅         ⇅         ↓         ⇅         ↓
[     ]   [     ] → [     ] ⇄ [     ] ← [     ] ← [     ] ← [     ]   [     ]
             ↑                   ↓                   ⇅         ⇅
[     ]   [     ] ← [     ] ← [     ]   [     ]   [     ]   [     ]   [     ]
--------------------------- cycle:26 ---------------------------
[     ]   [     ]   [     ]   [     ]   [     ]   [     ]   [     ]   [     ]

[     ]   [     ]   [     ] → [     ]   [     ] ⇄ [     ] ⇄ [     ]   [     ]
                       ↑         ⇅         ↓                   ↑
[     ]   [     ]   [     ]   [     ] ⇄ [     ] → [     ] → [     ]   [     ]
                       ↑         ↓         ⇅         ⇅
[     ]   [     ]   [     ] ← [     ] ⇄ [     ] ⇄ [     ]   [ 14  ]   [     ]
                       ↓         ↓                   ↓         ⇅
[     ]   [     ] ← [ 23  ] ⇄ [     ] ⇄ [     ] → [     ] → [     ]   [     ]
             ↓         ⇅         ⇅         ⇅         ↓         ↓
[     ]   [     ] → [     ] → [     ] ⇄ [     ] ← [     ]   [     ]   [     ]
             ⇅         ⇅         ⇅         ↓         ⇅         ↓
[     ]   [     ] → [     ] ⇄ [     ] ← [     ] ← [     ] ← [     ]   [     ]
             ↑                   ↓                   ⇅         ⇅
[     ]   [     ] ← [     ] ← [     ]   [     ]   [     ]   [     ]   [     ]
--------------------------- cycle:27 ---------------------------
[     ]   [     ]   [     ]   [     ]   [     ]   [     ]   [     ]   [     ]

[     ]   [     ]   [     ] → [     ]   [     ] ⇄ [     ] ⇄ [     ]   [     ]
                       ↑         ⇅         ↓                   ↑
[     ]   [     ]   [     ]   [     ] ⇄ [     ] → [     ] → [     ]   [     ]
                       ↑         ↓         ⇅         ⇅
[     ]   [     ]   [     ] ← [     ] ⇄ [     ] ⇄ [     ]   [     ]   [     ]
                       ↓         ↓                   ↓         ⇅
[     ]   [     ] ← [     ] ⇄ [     ] ⇄ [     ] → [     ] → [     ]   [     ]
             ↓         ⇅         ⇅         ⇅         ↓         ↓
[     ]   [     ] → [     ] → [     ] ⇄ [     ] ← [     ]   [     ]   [     ]
             ⇅         ⇅         ⇅         ↓         ⇅         ↓
[     ]   [     ] → [     ] ⇄ [     ] ← [     ] ← [     ] ← [     ]   [     ]
             ↑                   ↓                   ⇅         ⇅
[     ]   [     ] ← [     ] ← [     ]   [     ]   [ 10  ]   [     ]   [     ]
--------------------------- cycle:28 ---------------------------
[     ]   [     ]   [     ]   [     ]   [     ]   [     ]   [     ]   [     ]

[     ]   [     ]   [     ] → [     ]   [     ] ⇄ [     ] ⇄ [     ]   [     ]
                       ↑         ⇅         ↓                   ↑
[     ]   [     ]   [     ]   [     ] ⇄ [     ] → [     ] → [     ]   [     ]
                       ↑         ↓         ⇅         ⇅
[     ]   [     ]   [     ] ← [     ] ⇄ [     ] ⇄ [     ]   [     ]   [     ]
                       ↓         ↓                   ↓         ⇅
[     ]   [     ] ← [     ] ⇄ [     ] ⇄ [     ] → [     ] → [     ]   [     ]
             ↓         ⇅         ⇅         ⇅         ↓         ↓
[     ]   [     ] → [     ] → [     ] ⇄ [     ] ← [     ]   [     ]   [     ]
             ⇅         ⇅         ⇅         ↓         ⇅         ↓
[     ]   [     ] → [     ] ⇄ [     ] ← [     ] ← [ 11  ] ← [     ]   [     ]
             ↑                   ↓                   ⇅         ⇅
[     ]   [     ] ← [     ] ← [     ]   [     ]   [     ]   [     ]   [     ]
