--------------------------- cycle:0 ---------------------------
[     ]   [     ]   [     ]   [     ]   [     ] → [     ] → [     ]   [     ]
                                           ↑                   ↓
[     ]   [     ]   [     ]   [     ] ⇄ [  1  ] → [     ] → [     ] → [     ]
                       ⇅         ⇅         ⇅         ↓         ↓         ↓
[     ]   [     ]   [     ] ← [     ]   [     ] ← [     ] ⇄ [     ]   [     ]
                       ↓         ↑         ↓         ⇅         ⇅         ↓
[     ]   [     ]   [     ]   [     ] ← [     ] → [     ] → [     ]   [     ]
                       ↓         ⇅         ⇅         ⇅         ⇅         ↓
[     ]   [     ] ← [     ] → [     ] → [     ] → [     ]   [     ]   [     ]
             ↓         ⇅         ⇅         ⇅         ↓         ⇅         ↓
[     ] ← [     ] ⇄ [     ] → [     ] ⇄ [     ] → [     ] → [     ]   [     ]
   ↓         ⇅         ⇅         ⇅         ↑         ↓         ⇅         ↓
[     ] → [     ] → [     ] ← [     ] ⇄ [ 29  ] ⇄ [     ] ⇄ [     ]   [     ]
             ⇅         ↓         ⇅         ↑         ⇅         ↑         ↓
[     ]   [     ]   [     ] → [     ] → [     ]   [     ]   [     ] ← [     ]
--------------------------- cycle:1 ---------------------------
[     ]   [     ]   [     ]   [     ]   [     ] → [     ] → [     ]   [     ]
                                           ↑                   ↓
[     ]   [     ]   [     ]   [  9  ] ⇄ [     ] → [  6  ] → [     ] → [     ]
                       ⇅         ⇅         ⇅         ↓         ↓         ↓
[     ]   [     ]   [     ] ← [     ]   [     ] ← [     ] ⇄ [     ]   [     ]
                       ↓         ↑         ↓         ⇅         ⇅         ↓
[     ]   [     ]   [     ]   [     ] ← [     ] → [     ] → [     ]   [     ]
                       ↓         ⇅         ⇅         ⇅         ⇅         ↓
[     ]   [     ] ← [     ] → [     ] → [     ] → [     ]   [     ]   [     ]
             ↓         ⇅         ⇅         ⇅         ↓         ⇅         ↓
[     ] ← [     ] ⇄ [     ] → [     ] ⇄ [     ] → [     ] → [     ]   [     ]
   ↓         ⇅         ⇅         ⇅         ↑         ↓         ⇅         ↓
[     ] → [     ] → [     ] ← [     ] ⇄ [     ] ⇄ [     ] ⇄ [     ]   [     ]
             ⇅         ↓         ⇅         ↑         ⇅         ↑         ↓
[     ]   [     ]   [     ] → [     ] → [     ]   [     ]   [     ] ← [     ]
--------------------------- cycle:2 ---------------------------
[     ]   [     ]   [     ]   [     ]   [     ] → [     ] → [     ]   [     ]
                                           ↑                   ↓
[     ]   [     ]   [     ]   [     ] ⇄ [     ] → [     ] → [ 15  ] → [     ]
                       ⇅         ⇅         ⇅         ↓         ↓         ↓
[     ]   [     ]   [     ] ← [ 10  ]   [     ] ← [  7  ] ⇄ [     ]   [     ]
                       ↓         ↑         ↓         ⇅         ⇅         ↓
[     ]   [     ]   [     ]   [     ] ← [ 21  ] → [     ] → [     ]   [     ]
                       ↓         ⇅         ⇅         ⇅         ⇅         ↓
[     ]   [     ] ← [     ] → [     ] → [     ] → [     ]   [     ]   [     ]
             ↓         ⇅         ⇅         ⇅         ↓         ⇅         ↓
[     ] ← [     ] ⇄ [     ] → [     ] ⇄ [     ] → [     ] → [     ]   [     ]
   ↓         ⇅         ⇅         ⇅         ↑         ↓         ⇅         ↓
[     ] → [     ] → [ 30  ] ← [     ] ⇄ [     ] ⇄ [     ] ⇄ [     ]   [     ]
             ⇅         ↓         ⇅         ↑         ⇅         ↑         ↓
[     ]   [     ]   [     ] → [     ] → [     ]   [     ]   [     ] ← [     ]
--------------------------- cycle:3 ---------------------------
[     ]   [     ]   [     ]   [     ]   [     ] → [     ] → [     ]   [     ]
                                           ↑                   ↓
[     ]   [     ]   [     ]   [     ] ⇄ [     ] → [     ] → [     ] → [ 16  ]
                       ⇅         ⇅         ⇅         ↓         ↓         ↓
[     ]   [     ]   [ 11  ] ← [     ]   [     ] ← [     ] ⇄ [     ]   [     ]
                       ↓         ↑         ↓         ⇅         ⇅         ↓
[     ]   [     ]   [     ]   [ 22  ] ← [     ] → [     ] → [     ]   [     ]
                       ↓         ⇅         ⇅         ⇅         ⇅         ↓
[     ]   [     ] ← [     ] → [     ] → [ 32  ] → [     ]   [     ]   [     ]
             ↓         ⇅         ⇅         ⇅         ↓         ⇅         ↓
[     ] ← [     ] ⇄ [  0  ] → [     ] ⇄ [     ] → [     ] → [     ]   [     ]
   ↓         ⇅         ⇅         ⇅         ↑         ↓         ⇅         ↓
[     ] → [     ] → [     ] ← [     ] ⇄ [     ] ⇄ [     ] ⇄ [     ]   [     ]
             ⇅         ↓         ⇅         ↑         ⇅         ↑         ↓
[     ]   [     ]   [     ] → [     ] → [     ]   [     ]   [     ] ← [     ]
--------------------------- cycle:4 ---------------------------
[     ]   [     ]   [     ]   [     ]   [     ] → [     ] → [     ]   [     ]
                                           ↑                   ↓
[     ]   [     ]   [ 12  ]   [     ] ⇄ [     ] → [     ] → [     ] → [     ]
                       ⇅         ⇅         ⇅         ↓         ↓         ↓
[     ]   [     ]   [     ] ← [     ]   [     ] ← [     ] ⇄ [     ]   [ 17  ]
                       ↓         ↑         ↓         ⇅         ⇅         ↓
[     ]   [     ]   [     ]   [     ] ← [     ] → [     ] → [     ]   [     ]
                       ↓         ⇅         ⇅         ⇅         ⇅         ↓
[     ]   [     ] ← [ 28  ] → [ 23  ] → [     ] → [     ]   [     ]   [     ]
             ↓         ⇅         ⇅         ⇅         ↓         ⇅         ↓
[     ] ← [  3  ] ⇄ [     ] → [     ] ⇄ [  2  ] → [     ] → [     ]   [     ]
   ↓         ⇅         ⇅         ⇅         ↑         ↓         ⇅         ↓
[     ] → [     ] → [     ] ← [     ] ⇄ [     ] ⇄ [     ] ⇄ [     ]   [     ]
             ⇅         ↓         ⇅         ↑         ⇅         ↑         ↓
[     ]   [     ]   [     ] → [     ] → [     ]   [     ]   [     ] ← [     ]
--------------------------- cycle:5 ---------------------------
[     ]   [     ]   [     ]   [     ]   [     ] → [     ] → [     ]   [     ]
                                           ↑                   ↓
[     ]   [     ]   [     ]   [     ] ⇄ [     ] → [     ] → [     ] → [     ]
                       ⇅         ⇅         ⇅         ↓         ↓         ↓
[     ]   [     ]   [     ] ← [     ]   [     ] ← [     ] ⇄ [     ]   [     ]
                       ↓         ↑         ↓         ⇅         ⇅         ↓
[     ]   [     ]   [     ]   [     ] ← [     ] → [     ] → [     ]   [ 18  ]
                       ↓         ⇅         ⇅         ⇅         ⇅         ↓
[     ]   [     ] ← [     ] → [     ] → [     ] → [     ]   [     ]   [     ]
             ↓         ⇅         ⇅         ⇅         ↓         ⇅         ↓
[     ] ← [     ] ⇄ [     ] → [  5  ] ⇄ [     ] → [     ] → [     ]   [     ]
   ↓         ⇅         ⇅         ⇅         ↑         ↓         ⇅         ↓
[     ] → [     ] → [     ] ← [     ] ⇄ [     ] ⇄ [     ] ⇄ [     ]   [     ]
             ⇅         ↓         ⇅         ↑         ⇅         ↑         ↓
[     ]   [     ]   [     ] → [     ] → [     ]   [     ]   [     ] ← [     ]
--------------------------- cycle:6 ---------------------------
[     ]   [     ]   [     ]   [     ]   [     ] → [     ] → [     ]   [     ]
                                           ↑                   ↓
[     ]   [     ]   [     ]   [     ] ⇄ [     ] → [     ] → [     ] → [     ]
                       ⇅         ⇅         ⇅         ↓         ↓         ↓
[     ]   [     ]   [     ] ← [     ]   [     ] ← [     ] ⇄ [     ]   [     ]
                       ↓         ↑         ↓         ⇅         ⇅         ↓
[     ]   [     ]   [     ]   [     ] ← [     ] → [     ] → [     ]   [     ]
                       ↓         ⇅         ⇅         ⇅         ⇅         ↓
[     ]   [     ] ← [     ] → [     ] → [     ] → [     ]   [     ]   [     ]
             ↓         ⇅         ⇅         ⇅         ↓         ⇅         ↓
[     ] ← [     ] ⇄ [     ] → [     ] ⇄ [     ] → [     ] → [     ]   [     ]
   ↓         ⇅         ⇅         ⇅         ↑         ↓         ⇅         ↓
[     ] → [     ] → [     ] ← [     ] ⇄ [     ] ⇄ [     ] ⇄ [     ]   [     ]
             ⇅         ↓         ⇅         ↑         ⇅         ↑         ↓
[     ]   [  4  ]   [     ] → [     ] → [     ]   [     ]   [     ] ← [     ]
--------------------------- cycle:7 ---------------------------
[     ]   [     ]   [     ]   [     ]   [     ] → [     ] → [     ]   [     ]
                                           ↑                   ↓
[     ]   [     ]   [     ]   [     ] ⇄ [     ] → [     ] → [     ] → [     ]
                       ⇅         ⇅         ⇅         ↓         ↓         ↓
[     ]   [     ]   [     ] ← [     ]   [     ] ← [     ] ⇄ [     ]   [     ]
                       ↓         ↑         ↓         ⇅         ⇅         ↓
[     ]   [     ]   [     ]   [     ] ← [     ] → [     ] → [     ]   [     ]
                       ↓         ⇅         ⇅         ⇅         ⇅         ↓
[     ]   [     ] ← [     ] → [     ] → [     ] → [     ]   [     ]   [     ]
             ↓         ⇅         ⇅         ⇅         ↓         ⇅         ↓
[     ] ← [     ] ⇄ [     ] → [     ] ⇄ [     ] → [     ] → [     ]   [     ]
   ↓         ⇅         ⇅         ⇅         ↑         ↓         ⇅         ↓
[     ] → [     ] → [     ] ← [     ] ⇄ [     ] ⇄ [     ] ⇄ [     ]   [     ]
             ⇅         ↓         ⇅         ↑         ⇅         ↑         ↓
[     ]   [     ]   [     ] → [ 24  ] → [     ]   [  8  ]   [     ] ← [     ]
--------------------------- cycle:8 ---------------------------
[     ]   [     ]   [     ]   [     ]   [     ] → [     ] → [     ]   [     ]
                                           ↑                   ↓
[     ]   [     ]   [     ]   [     ] ⇄ [     ] → [     ] → [     ] → [     ]
                       ⇅         ⇅         ⇅         ↓         ↓         ↓
[     ]   [     ]   [     ] ← [     ]   [     ] ← [     ] ⇄ [     ]   [     ]
                       ↓         ↑         ↓         ⇅         ⇅         ↓
[     ]   [     ]   [     ]   [     ] ← [     ] → [     ] → [     ]   [     ]
                       ↓         ⇅         ⇅         ⇅         ⇅         ↓
[     ]   [     ] ← [     ] → [     ] → [     ] → [     ]   [     ]   [     ]
             ↓         ⇅         ⇅         ⇅         ↓         ⇅         ↓
[     ] ← [     ] ⇄ [     ] → [     ] ⇄ [     ] → [     ] → [     ]   [     ]
   ↓         ⇅         ⇅         ⇅         ↑         ↓         ⇅         ↓
[     ] → [     ] → [     ] ← [     ] ⇄ [     ] ⇄ [ 14  ] ⇄ [     ]   [     ]
             ⇅         ↓         ⇅         ↑         ⇅         ↑         ↓
[     ]   [     ]   [     ] → [     ] → [     ]   [     ]   [     ] ← [     ]
--------------------------- cycle:9 ---------------------------
[     ]   [     ]   [     ]   [     ]   [     ] → [     ] → [     ]   [     ]
                                           ↑                   ↓
[     ]   [     ]   [     ]   [     ] ⇄ [     ] → [     ] → [     ] → [     ]
                       ⇅         ⇅         ⇅         ↓         ↓         ↓
[     ]   [     ]   [     ] ← [     ]   [     ] ← [     ] ⇄ [     ]   [     ]
                       ↓         ↑         ↓         ⇅         ⇅         ↓
[     ]   [     ]   [     ]   [     ] ← [     ] → [     ] → [     ]   [     ]
                       ↓         ⇅         ⇅         ⇅         ⇅         ↓
[     ]   [     ] ← [     ] → [     ] → [     ] → [     ]   [     ]   [     ]
             ↓         ⇅         ⇅         ⇅         ↓         ⇅         ↓
[     ] ← [     ] ⇄ [     ] → [     ] ⇄ [     ] → [     ] → [     ]   [     ]
   ↓         ⇅         ⇅         ⇅         ↑         ↓         ⇅         ↓
[     ] → [     ] → [     ] ← [     ] ⇄ [     ] ⇄ [     ] ⇄ [ 20  ]   [     ]
             ⇅         ↓         ⇅         ↑         ⇅         ↑         ↓
[     ]   [     ]   [     ] → [     ] → [     ]   [     ]   [     ] ← [ 19  ]
--------------------------- cycle:10 ---------------------------
[     ]   [     ]   [     ]   [     ]   [     ] → [     ] → [     ]   [     ]
                                           ↑                   ↓
[     ]   [     ]   [     ]   [     ] ⇄ [  1  ] → [     ] → [     ] → [     ]
                       ⇅         ⇅         ⇅         ↓         ↓         ↓
[     ]   [     ]   [     ] ← [     ]   [     ] ← [     ] ⇄ [     ]   [     ]
                       ↓         ↑         ↓         ⇅         ⇅         ↓
[     ]   [     ]   [     ]   [     ] ← [     ] → [     ] → [     ]   [     ]
                       ↓         ⇅         ⇅         ⇅         ⇅         ↓
[     ]   [     ] ← [     ] → [     ] → [     ] → [     ]   [     ]   [     ]
             ↓         ⇅         ⇅         ⇅         ↓         ⇅         ↓
[     ] ← [     ] ⇄ [     ] → [     ] ⇄ [     ] → [     ] → [ 25  ]   [     ]
   ↓         ⇅         ⇅         ⇅         ↑         ↓         ⇅         ↓
[     ] → [     ] → [     ] ← [     ] ⇄ [ 29  ] ⇄ [     ] ⇄ [     ]   [     ]
             ⇅         ↓         ⇅         ↑         ⇅         ↑         ↓
[     ]   [     ]   [ 13  ] → [     ] → [     ]   [     ]   [     ] ← [     ]
--------------------------- cycle:11 ---------------------------
[     ]   [     ]   [     ]   [     ]   [     ] → [     ] → [     ]   [     ]
                                           ↑                   ↓
[     ]   [     ]   [     ]   [  9  ] ⇄ [     ] → [  6  ] → [     ] → [     ]
                       ⇅         ⇅         ⇅         ↓         ↓         ↓
[     ]   [     ]   [     ] ← [     ]   [     ] ← [     ] ⇄ [     ]   [     ]
                       ↓         ↑         ↓         ⇅         ⇅         ↓
[     ]   [     ]   [     ]   [     ] ← [     ] → [     ] → [     ]   [     ]
                       ↓         ⇅         ⇅         ⇅         ⇅         ↓
[     ]   [     ] ← [     ] → [     ] → [     ] → [     ]   [ 26  ]   [     ]
             ↓         ⇅         ⇅         ⇅         ↓         ⇅         ↓
[     ] ← [     ] ⇄ [     ] → [     ] ⇄ [     ] → [     ] → [     ]   [     ]
   ↓         ⇅         ⇅         ⇅         ↑         ↓         ⇅         ↓
[     ] → [     ] → [     ] ← [     ] ⇄ [     ] ⇄ [     ] ⇄ [     ]   [     ]
             ⇅         ↓         ⇅         ↑         ⇅         ↑         ↓
[     ]   [     ]   [     ] → [     ] → [     ]   [     ]   [     ] ← [     ]
--------------------------- cycle:12 ---------------------------
[     ]   [     ]   [     ]   [     ]   [     ] → [     ] → [     ]   [     ]
                                           ↑                   ↓
[     ]   [     ]   [     ]   [     ] ⇄ [     ] → [     ] → [ 15  ] → [     ]
                       ⇅         ⇅         ⇅         ↓         ↓         ↓
[     ]   [     ]   [     ] ← [ 10  ]   [     ] ← [  7  ] ⇄ [     ]   [     ]
                       ↓         ↑         ↓         ⇅         ⇅         ↓
[     ]   [     ]   [     ]   [     ] ← [ 21  ] → [     ] → [ 27  ]   [     ]
                       ↓         ⇅         ⇅         ⇅         ⇅         ↓
[     ]   [     ] ← [     ] → [     ] → [     ] → [     ]   [     ]   [     ]
             ↓         ⇅         ⇅         ⇅         ↓         ⇅         ↓
[     ] ← [     ] ⇄ [     ] → [     ] ⇄ [     ] → [     ] → [     ]   [     ]
   ↓         ⇅         ⇅         ⇅         ↑         ↓         ⇅         ↓
[     ] → [     ] → [ 30  ] ← [     ] ⇄ [     ] ⇄ [     ] ⇄ [     ]   [     ]
             ⇅         ↓         ⇅         ↑         ⇅         ↑         ↓
[     ]   [     ]   [     ] → [     ] → [     ]   [     ]   [     ] ← [     ]
--------------------------- cycle:13 ---------------------------
[     ]   [     ]   [     ]   [     ]   [     ] → [     ] → [     ]   [     ]
                                           ↑                   ↓
[     ]   [     ]   [     ]   [     ] ⇄ [     ] → [     ] → [     ] → [ 16  ]
                       ⇅         ⇅         ⇅         ↓         ↓         ↓
[     ]   [     ]   [ 11  ] ← [     ]   [     ] ← [     ] ⇄ [ 31  ]   [     ]
                       ↓         ↑         ↓         ⇅         ⇅         ↓
[     ]   [     ]   [     ]   [ 22  ] ← [     ] → [     ] → [     ]   [     ]
                       ↓         ⇅         ⇅         ⇅         ⇅         ↓
[     ]   [     ] ← [     ] → [     ] → [ 32  ] → [     ]   [     ]   [     ]
             ↓         ⇅         ⇅         ⇅         ↓         ⇅         ↓
[     ] ← [     ] ⇄ [  0  ] → [     ] ⇄ [     ] → [     ] → [     ]   [     ]
   ↓         ⇅         ⇅         ⇅         ↑         ↓         ⇅         ↓
[     ] → [     ] → [     ] ← [     ] ⇄ [     ] ⇄ [     ] ⇄ [     ]   [     ]
             ⇅         ↓         ⇅         ↑         ⇅         ↑         ↓
[     ]   [     ]   [     ] → [     ] → [     ]   [     ]   [     ] ← [     ]
--------------------------- cycle:14 ---------------------------
[     ]   [     ]   [     ]   [     ]   [     ] → [     ] → [     ]   [     ]
                                           ↑                   ↓
[     ]   [     ]   [ 12  ]   [     ] ⇄ [     ] → [     ] → [     ] → [     ]
                       ⇅         ⇅         ⇅         ↓         ↓         ↓
[     ]   [     ]   [     ] ← [     ]   [     ] ← [     ] ⇄ [     ]   [ 17  ]
                       ↓         ↑         ↓         ⇅         ⇅         ↓
[     ]   [     ]   [     ]   [     ] ← [     ] → [     ] → [     ]   [     ]
                       ↓         ⇅         ⇅         ⇅         ⇅         ↓
[     ]   [     ] ← [ 28  ] → [ 23  ] → [     ] → [     ]   [     ]   [     ]
             ↓         ⇅         ⇅         ⇅         ↓         ⇅         ↓
[     ] ← [  3  ] ⇄ [     ] → [     ] ⇄ [  2  ] → [     ] → [     ]   [     ]
   ↓         ⇅         ⇅         ⇅         ↑         ↓         ⇅         ↓
[     ] → [     ] → [     ] ← [     ] ⇄ [     ] ⇄ [     ] ⇄ [     ]   [     ]
             ⇅         ↓         ⇅         ↑         ⇅         ↑         ↓
[     ]   [     ]   [     ] → [     ] → [     ]   [     ]   [     ] ← [     ]
--------------------------- cycle:15 ---------------------------
[     ]   [     ]   [     ]   [     ]   [     ] → [     ] → [     ]   [     ]
                                           ↑                   ↓
[     ]   [     ]   [     ]   [     ] ⇄ [     ] → [     ] → [     ] → [     ]
                       ⇅         ⇅         ⇅         ↓         ↓         ↓
[     ]   [     ]   [     ] ← [     ]   [     ] ← [     ] ⇄ [     ]   [     ]
                       ↓         ↑         ↓         ⇅         ⇅         ↓
[     ]   [     ]   [     ]   [     ] ← [     ] → [     ] → [     ]   [ 18  ]
                       ↓         ⇅         ⇅         ⇅         ⇅         ↓
[     ]   [     ] ← [     ] → [     ] → [     ] → [     ]   [     ]   [     ]
             ↓         ⇅         ⇅         ⇅         ↓         ⇅         ↓
[     ] ← [     ] ⇄ [     ] → [  5  ] ⇄ [     ] → [     ] → [     ]   [     ]
   ↓         ⇅         ⇅         ⇅         ↑         ↓         ⇅         ↓
[     ] → [     ] → [     ] ← [     ] ⇄ [     ] ⇄ [     ] ⇄ [     ]   [     ]
             ⇅         ↓         ⇅         ↑         ⇅         ↑         ↓
[     ]   [     ]   [     ] → [     ] → [     ]   [     ]   [     ] ← [     ]
--------------------------- cycle:16 ---------------------------
[     ]   [     ]   [     ]   [     ]   [     ] → [     ] → [     ]   [     ]
                                           ↑                   ↓
[     ]   [     ]   [     ]   [     ] ⇄ [     ] → [     ] → [     ] → [     ]
                       ⇅         ⇅         ⇅         ↓         ↓         ↓
[     ]   [     ]   [     ] ← [     ]   [     ] ← [     ] ⇄ [     ]   [     ]
                       ↓         ↑         ↓         ⇅         ⇅         ↓
[     ]   [     ]   [     ]   [     ] ← [     ] → [     ] → [     ]   [     ]
                       ↓         ⇅         ⇅         ⇅         ⇅         ↓
[     ]   [     ] ← [     ] → [     ] → [     ] → [     ]   [     ]   [     ]
             ↓         ⇅         ⇅         ⇅         ↓         ⇅         ↓
[     ] ← [     ] ⇄ [     ] → [     ] ⇄ [     ] → [     ] → [     ]   [     ]
   ↓         ⇅         ⇅         ⇅         ↑         ↓         ⇅         ↓
[     ] → [     ] → [     ] ← [     ] ⇄ [     ] ⇄ [     ] ⇄ [     ]   [     ]
             ⇅         ↓         ⇅         ↑         ⇅         ↑         ↓
[     ]   [  4  ]   [     ] → [     ] → [     ]   [     ]   [     ] ← [     ]
--------------------------- cycle:17 ---------------------------
[     ]   [     ]   [     ]   [     ]   [     ] → [     ] → [     ]   [     ]
                                           ↑                   ↓
[     ]   [     ]   [     ]   [     ] ⇄ [     ] → [     ] → [     ] → [     ]
                       ⇅         ⇅         ⇅         ↓         ↓         ↓
[     ]   [     ]   [     ] ← [     ]   [     ] ← [     ] ⇄ [     ]   [     ]
                       ↓         ↑         ↓         ⇅         ⇅         ↓
[     ]   [     ]   [     ]   [     ] ← [     ] → [     ] → [     ]   [     ]
                       ↓         ⇅         ⇅         ⇅         ⇅         ↓
[     ]   [     ] ← [     ] → [     ] → [     ] → [     ]   [     ]   [     ]
             ↓         ⇅         ⇅         ⇅         ↓         ⇅         ↓
[     ] ← [     ] ⇄ [     ] → [     ] ⇄ [     ] → [     ] → [     ]   [     ]
   ↓         ⇅         ⇅         ⇅         ↑         ↓         ⇅         ↓
[     ] → [     ] → [     ] ← [     ] ⇄ [     ] ⇄ [     ] ⇄ [     ]   [     ]
             ⇅         ↓         ⇅         ↑         ⇅         ↑         ↓
[     ]   [     ]   [     ] → [ 24  ] → [     ]   [  8  ]   [     ] ← [     ]
--------------------------- cycle:18 ---------------------------
[     ]   [     ]   [     ]   [     ]   [     ] → [     ] → [     ]   [     ]
                                           ↑                   ↓
[     ]   [     ]   [     ]   [     ] ⇄ [     ] → [     ] → [     ] → [     ]
                       ⇅         ⇅         ⇅         ↓         ↓         ↓
[     ]   [     ]   [     ] ← [     ]   [     ] ← [     ] ⇄ [     ]   [     ]
                       ↓         ↑         ↓         ⇅         ⇅         ↓
[     ]   [     ]   [     ]   [     ] ← [     ] → [     ] → [     ]   [     ]
                       ↓         ⇅         ⇅         ⇅         ⇅         ↓
[     ]   [     ] ← [     ] → [     ] → [     ] → [     ]   [     ]   [     ]
             ↓         ⇅         ⇅         ⇅         ↓         ⇅         ↓
[     ] ← [     ] ⇄ [     ] → [     ] ⇄ [     ] → [     ] → [     ]   [     ]
   ↓         ⇅         ⇅         ⇅         ↑         ↓         ⇅         ↓
[     ] → [     ] → [     ] ← [     ] ⇄ [     ] ⇄ [ 14  ] ⇄ [     ]   [     ]
             ⇅         ↓         ⇅         ↑         ⇅         ↑         ↓
[     ]   [     ]   [     ] → [     ] → [     ]   [     ]   [     ] ← [     ]
--------------------------- cycle:19 ---------------------------
[     ]   [     ]   [     ]   [     ]   [     ] → [     ] → [     ]   [     ]
                                           ↑                   ↓
[     ]   [     ]   [     ]   [     ] ⇄ [     ] → [     ] → [     ] → [     ]
                       ⇅         ⇅         ⇅         ↓         ↓         ↓
[     ]   [     ]   [     ] ← [     ]   [     ] ← [     ] ⇄ [     ]   [     ]
                       ↓         ↑         ↓         ⇅         ⇅         ↓
[     ]   [     ]   [     ]   [     ] ← [     ] → [     ] → [     ]   [     ]
                       ↓         ⇅         ⇅         ⇅         ⇅         ↓
[     ]   [     ] ← [     ] → [     ] → [     ] → [     ]   [     ]   [     ]
             ↓         ⇅         ⇅         ⇅         ↓         ⇅         ↓
[     ] ← [     ] ⇄ [     ] → [     ] ⇄ [     ] → [     ] → [     ]   [     ]
   ↓         ⇅         ⇅         ⇅         ↑         ↓         ⇅         ↓
[     ] → [     ] → [     ] ← [     ] ⇄ [     ] ⇄ [     ] ⇄ [ 20  ]   [     ]
             ⇅         ↓         ⇅         ↑         ⇅         ↑         ↓
[     ]   [     ]   [     ] → [     ] → [     ]   [     ]   [     ] ← [ 19  ]
--------------------------- cycle:20 ---------------------------
[     ]   [     ]   [     ]   [     ]   [     ] → [     ] → [     ]   [     ]
                                           ↑                   ↓
[     ]   [     ]   [     ]   [     ] ⇄ [  1  ] → [     ] → [     ] → [     ]
                       ⇅         ⇅         ⇅         ↓         ↓         ↓
[     ]   [     ]   [     ] ← [     ]   [     ] ← [     ] ⇄ [     ]   [     ]
                       ↓         ↑         ↓         ⇅         ⇅         ↓
[     ]   [     ]   [     ]   [     ] ← [     ] → [     ] → [     ]   [     ]
                       ↓         ⇅         ⇅         ⇅         ⇅         ↓
[     ]   [     ] ← [     ] → [     ] → [     ] → [     ]   [     ]   [     ]
             ↓         ⇅         ⇅         ⇅         ↓         ⇅         ↓
[     ] ← [     ] ⇄ [     ] → [     ] ⇄ [     ] → [     ] → [ 25  ]   [     ]
   ↓         ⇅         ⇅         ⇅         ↑         ↓         ⇅         ↓
[     ] → [     ] → [     ] ← [     ] ⇄ [ 29  ] ⇄ [     ] ⇄ [     ]   [     ]
             ⇅         ↓         ⇅         ↑         ⇅         ↑         ↓
[     ]   [     ]   [ 13  ] → [     ] → [     ]   [     ]   [     ] ← [     ]
--------------------------- cycle:21 ---------------------------
[     ]   [     ]   [     ]   [     ]   [     ] → [     ] → [     ]   [     ]
                                           ↑                   ↓
[     ]   [     ]   [     ]   [  9  ] ⇄ [     ] → [  6  ] → [     ] → [     ]
                       ⇅         ⇅         ⇅         ↓         ↓         ↓
[     ]   [     ]   [     ] ← [     ]   [     ] ← [     ] ⇄ [     ]   [     ]
                       ↓         ↑         ↓         ⇅         ⇅         ↓
[     ]   [     ]   [     ]   [     ] ← [     ] → [     ] → [     ]   [     ]
                       ↓         ⇅         ⇅         ⇅         ⇅         ↓
[     ]   [     ] ← [     ] → [     ] → [     ] → [     ]   [ 26  ]   [     ]
             ↓         ⇅         ⇅         ⇅         ↓         ⇅         ↓
[     ] ← [     ] ⇄ [     ] → [     ] ⇄ [     ] → [     ] → [     ]   [     ]
   ↓         ⇅         ⇅         ⇅         ↑         ↓         ⇅         ↓
[     ] → [     ] → [     ] ← [     ] ⇄ [     ] ⇄ [     ] ⇄ [     ]   [     ]
             ⇅         ↓         ⇅         ↑         ⇅         ↑         ↓
[     ]   [     ]   [     ] → [     ] → [     ]   [     ]   [     ] ← [     ]
--------------------------- cycle:22 ---------------------------
[     ]   [     ]   [     ]   [     ]   [     ] → [     ] → [     ]   [     ]
                                           ↑                   ↓
[     ]   [     ]   [     ]   [     ] ⇄ [     ] → [     ] → [ 15  ] → [     ]
                       ⇅         ⇅         ⇅         ↓         ↓         ↓
[     ]   [     ]   [     ] ← [ 10  ]   [     ] ← [  7  ] ⇄ [     ]   [     ]
                       ↓         ↑         ↓         ⇅         ⇅         ↓
[     ]   [     ]   [     ]   [     ] ← [ 21  ] → [     ] → [ 27  ]   [     ]
                       ↓         ⇅         ⇅         ⇅         ⇅         ↓
[     ]   [     ] ← [     ] → [     ] → [     ] → [     ]   [     ]   [     ]
             ↓         ⇅         ⇅         ⇅         ↓         ⇅         ↓
[     ] ← [     ] ⇄ [     ] → [     ] ⇄ [     ] → [     ] → [     ]   [     ]
   ↓         ⇅         ⇅         ⇅         ↑         ↓         ⇅         ↓
[     ] → [     ] → [ 30  ] ← [     ] ⇄ [     ] ⇄ [     ] ⇄ [     ]   [     ]
             ⇅         ↓         ⇅         ↑         ⇅         ↑         ↓
[     ]   [     ]   [     ] → [     ] → [     ]   [     ]   [     ] ← [     ]
--------------------------- cycle:23 ---------------------------
[     ]   [     ]   [     ]   [     ]   [     ] → [     ] → [     ]   [     ]
                                           ↑                   ↓
[     ]   [     ]   [     ]   [     ] ⇄ [     ] → [     ] → [     ] → [ 16  ]
                       ⇅         ⇅         ⇅         ↓         ↓         ↓
[     ]   [     ]   [ 11  ] ← [     ]   [     ] ← [     ] ⇄ [ 31  ]   [     ]
                       ↓         ↑         ↓         ⇅         ⇅         ↓
[     ]   [     ]   [     ]   [ 22  ] ← [     ] → [     ] → [     ]   [     ]
                       ↓         ⇅         ⇅         ⇅         ⇅         ↓
[     ]   [     ] ← [     ] → [     ] → [ 32  ] → [     ]   [     ]   [     ]
             ↓         ⇅         ⇅         ⇅         ↓         ⇅         ↓
[     ] ← [     ] ⇄ [  0  ] → [     ] ⇄ [     ] → [     ] → [     ]   [     ]
   ↓         ⇅         ⇅         ⇅         ↑         ↓         ⇅         ↓
[     ] → [     ] → [     ] ← [     ] ⇄ [     ] ⇄ [     ] ⇄ [     ]   [     ]
             ⇅         ↓         ⇅         ↑         ⇅         ↑         ↓
[     ]   [     ]   [     ] → [     ] → [     ]   [     ]   [     ] ← [     ]
--------------------------- cycle:24 ---------------------------
[     ]   [     ]   [     ]   [     ]   [     ] → [     ] → [     ]   [     ]
                                           ↑                   ↓
[     ]   [     ]   [ 12  ]   [     ] ⇄ [     ] → [     ] → [     ] → [     ]
                       ⇅         ⇅         ⇅         ↓         ↓         ↓
[     ]   [     ]   [     ] ← [     ]   [     ] ← [     ] ⇄ [     ]   [ 17  ]
                       ↓         ↑         ↓         ⇅         ⇅         ↓
[     ]   [     ]   [     ]   [     ] ← [     ] → [     ] → [     ]   [     ]
                       ↓         ⇅         ⇅         ⇅         ⇅         ↓
[     ]   [     ] ← [ 28  ] → [ 23  ] → [     ] → [     ]   [     ]   [     ]
             ↓         ⇅         ⇅         ⇅         ↓         ⇅         ↓
[     ] ← [  3  ] ⇄ [     ] → [     ] ⇄ [  2  ] → [     ] → [     ]   [     ]
   ↓         ⇅         ⇅         ⇅         ↑         ↓         ⇅         ↓
[     ] → [     ] → [     ] ← [     ] ⇄ [     ] ⇄ [     ] ⇄ [     ]   [     ]
             ⇅         ↓         ⇅         ↑         ⇅         ↑         ↓
[     ]   [     ]   [     ] → [     ] → [     ]   [     ]   [     ] ← [     ]
--------------------------- cycle:25 ---------------------------
[     ]   [     ]   [     ]   [     ]   [     ] → [     ] → [     ]   [     ]
                                           ↑                   ↓
[     ]   [     ]   [     ]   [     ] ⇄ [     ] → [     ] → [     ] → [     ]
                       ⇅         ⇅         ⇅         ↓         ↓         ↓
[     ]   [     ]   [     ] ← [     ]   [     ] ← [     ] ⇄ [     ]   [     ]
                       ↓         ↑         ↓         ⇅         ⇅         ↓
[     ]   [     ]   [     ]   [     ] ← [     ] → [     ] → [     ]   [ 18  ]
                       ↓         ⇅         ⇅         ⇅         ⇅         ↓
[     ]   [     ] ← [     ] → [     ] → [     ] → [     ]   [     ]   [     ]
             ↓         ⇅         ⇅         ⇅         ↓         ⇅         ↓
[     ] ← [     ] ⇄ [     ] → [  5  ] ⇄ [     ] → [     ] → [     ]   [     ]
   ↓         ⇅         ⇅         ⇅         ↑         ↓         ⇅         ↓
[     ] → [     ] → [     ] ← [     ] ⇄ [     ] ⇄ [     ] ⇄ [     ]   [     ]
             ⇅         ↓         ⇅         ↑         ⇅         ↑         ↓
[     ]   [     ]   [     ] → [     ] → [     ]   [     ]   [     ] ← [     ]
--------------------------- cycle:26 ---------------------------
[     ]   [     ]   [     ]   [     ]   [     ] → [     ] → [     ]   [     ]
                                           ↑                   ↓
[     ]   [     ]   [     ]   [     ] ⇄ [     ] → [     ] → [     ] → [     ]
                       ⇅         ⇅         ⇅         ↓         ↓         ↓
[     ]   [     ]   [     ] ← [     ]   [     ] ← [     ] ⇄ [     ]   [     ]
                       ↓         ↑         ↓         ⇅         ⇅         ↓
[     ]   [     ]   [     ]   [     ] ← [     ] → [     ] → [     ]   [     ]
                       ↓         ⇅         ⇅         ⇅         ⇅         ↓
[     ]   [     ] ← [     ] → [     ] → [     ] → [     ]   [     ]   [     ]
             ↓         ⇅         ⇅         ⇅         ↓         ⇅         ↓
[     ] ← [     ] ⇄ [     ] → [     ] ⇄ [     ] → [     ] → [     ]   [     ]
   ↓         ⇅         ⇅         ⇅         ↑         ↓         ⇅         ↓
[     ] → [     ] → [     ] ← [     ] ⇄ [     ] ⇄ [     ] ⇄ [     ]   [     ]
             ⇅         ↓         ⇅         ↑         ⇅         ↑         ↓
[     ]   [  4  ]   [     ] → [     ] → [     ]   [     ]   [     ] ← [     ]
--------------------------- cycle:27 ---------------------------
[     ]   [     ]   [     ]   [     ]   [     ] → [     ] → [     ]   [     ]
                                           ↑                   ↓
[     ]   [     ]   [     ]   [     ] ⇄ [     ] → [     ] → [     ] → [     ]
                       ⇅         ⇅         ⇅         ↓         ↓         ↓
[     ]   [     ]   [     ] ← [     ]   [     ] ← [     ] ⇄ [     ]   [     ]
                       ↓         ↑         ↓         ⇅         ⇅         ↓
[     ]   [     ]   [     ]   [     ] ← [     ] → [     ] → [     ]   [     ]
                       ↓         ⇅         ⇅         ⇅         ⇅         ↓
[     ]   [     ] ← [     ] → [     ] → [     ] → [     ]   [     ]   [     ]
             ↓         ⇅         ⇅         ⇅         ↓         ⇅         ↓
[     ] ← [     ] ⇄ [     ] → [     ] ⇄ [     ] → [     ] → [     ]   [     ]
   ↓         ⇅         ⇅         ⇅         ↑         ↓         ⇅         ↓
[     ] → [     ] → [     ] ← [     ] ⇄ [     ] ⇄ [     ] ⇄ [     ]   [     ]
             ⇅         ↓         ⇅         ↑         ⇅         ↑         ↓
[     ]   [     ]   [     ] → [ 24  ] → [     ]   [  8  ]   [     ] ← [     ]
--------------------------- cycle:28 ---------------------------
[     ]   [     ]   [     ]   [     ]   [     ] → [     ] → [     ]   [     ]
                                           ↑                   ↓
[     ]   [     ]   [     ]   [     ] ⇄ [     ] → [     ] → [     ] → [     ]
                       ⇅         ⇅         ⇅         ↓         ↓         ↓
[     ]   [     ]   [     ] ← [     ]   [     ] ← [     ] ⇄ [     ]   [     ]
                       ↓         ↑         ↓         ⇅         ⇅         ↓
[     ]   [     ]   [     ]   [     ] ← [     ] → [     ] → [     ]   [     ]
                       ↓         ⇅         ⇅         ⇅         ⇅         ↓
[     ]   [     ] ← [     ] → [     ] → [     ] → [     ]   [     ]   [     ]
             ↓         ⇅         ⇅         ⇅         ↓         ⇅         ↓
[     ] ← [     ] ⇄ [     ] → [     ] ⇄ [     ] → [     ] → [     ]   [     ]
   ↓         ⇅         ⇅         ⇅         ↑         ↓         ⇅         ↓
[     ] → [     ] → [     ] ← [     ] ⇄ [     ] ⇄ [ 14  ] ⇄ [     ]   [     ]
             ⇅         ↓         ⇅         ↑         ⇅         ↑         ↓
[     ]   [     ]   [     ] → [     ] → [     ]   [     ]   [     ] ← [     ]
--------------------------- cycle:29 ---------------------------
[     ]   [     ]   [     ]   [     ]   [     ] → [     ] → [     ]   [     ]
                                           ↑                   ↓
[     ]   [     ]   [     ]   [     ] ⇄ [     ] → [     ] → [     ] → [     ]
                       ⇅         ⇅         ⇅         ↓         ↓         ↓
[     ]   [     ]   [     ] ← [     ]   [     ] ← [     ] ⇄ [     ]   [     ]
                       ↓         ↑         ↓         ⇅         ⇅         ↓
[     ]   [     ]   [     ]   [     ] ← [     ] → [     ] → [     ]   [     ]
                       ↓         ⇅         ⇅         ⇅         ⇅         ↓
[     ]   [     ] ← [     ] → [     ] → [     ] → [     ]   [     ]   [     ]
             ↓         ⇅         ⇅         ⇅         ↓         ⇅         ↓
[     ] ← [     ] ⇄ [     ] → [     ] ⇄ [     ] → [     ] → [     ]   [     ]
   ↓         ⇅         ⇅         ⇅         ↑         ↓         ⇅         ↓
[     ] → [     ] → [     ] ← [     ] ⇄ [     ] ⇄ [     ] ⇄ [ 20  ]   [     ]
             ⇅         ↓         ⇅         ↑         ⇅         ↑         ↓
[     ]   [     ]   [     ] → [     ] → [     ]   [     ]   [     ] ← [ 19  ]
--------------------------- cycle:30 ---------------------------
[     ]   [     ]   [     ]   [     ]   [     ] → [     ] → [     ]   [     ]
                                           ↑                   ↓
[     ]   [     ]   [     ]   [     ] ⇄ [  1  ] → [     ] → [     ] → [     ]
                       ⇅         ⇅         ⇅         ↓         ↓         ↓
[     ]   [     ]   [     ] ← [     ]   [     ] ← [     ] ⇄ [     ]   [     ]
                       ↓         ↑         ↓         ⇅         ⇅         ↓
[     ]   [     ]   [     ]   [     ] ← [     ] → [     ] → [     ]   [     ]
                       ↓         ⇅         ⇅         ⇅         ⇅         ↓
[     ]   [     ] ← [     ] → [     ] → [     ] → [     ]   [     ]   [     ]
             ↓         ⇅         ⇅         ⇅         ↓         ⇅         ↓
[     ] ← [     ] ⇄ [     ] → [     ] ⇄ [     ] → [     ] → [ 25  ]   [     ]
   ↓         ⇅         ⇅         ⇅         ↑         ↓         ⇅         ↓
[     ] → [     ] → [     ] ← [     ] ⇄ [ 29  ] ⇄ [     ] ⇄ [     ]   [     ]
             ⇅         ↓         ⇅         ↑         ⇅         ↑         ↓
[     ]   [     ]   [ 13  ] → [     ] → [     ]   [     ]   [     ] ← [     ]
--------------------------- cycle:31 ---------------------------
[     ]   [     ]   [     ]   [     ]   [     ] → [     ] → [     ]   [     ]
                                           ↑                   ↓
[     ]   [     ]   [     ]   [  9  ] ⇄ [     ] → [  6  ] → [     ] → [     ]
                       ⇅         ⇅         ⇅         ↓         ↓         ↓
[     ]   [     ]   [     ] ← [     ]   [     ] ← [     ] ⇄ [     ]   [     ]
                       ↓         ↑         ↓         ⇅         ⇅         ↓
[     ]   [     ]   [     ]   [     ] ← [     ] → [     ] → [     ]   [     ]
                       ↓         ⇅         ⇅         ⇅         ⇅         ↓
[     ]   [     ] ← [     ] → [     ] → [     ] → [     ]   [ 26  ]   [     ]
             ↓         ⇅         ⇅         ⇅         ↓         ⇅         ↓
[     ] ← [     ] ⇄ [     ] → [     ] ⇄ [     ] → [     ] → [     ]   [     ]
   ↓         ⇅         ⇅         ⇅         ↑         ↓         ⇅         ↓
[     ] → [     ] → [     ] ← [     ] ⇄ [     ] ⇄ [     ] ⇄ [     ]   [     ]
             ⇅         ↓         ⇅         ↑         ⇅         ↑         ↓
[     ]   [     ]   [     ] → [     ] → [     ]   [     ]   [     ] ← [     ]
--------------------------- cycle:32 ---------------------------
[     ]   [     ]   [     ]   [     ]   [     ] → [     ] → [     ]   [     ]
                                           ↑                   ↓
[     ]   [     ]   [     ]   [     ] ⇄ [     ] → [     ] → [ 15  ] → [     ]
                       ⇅         ⇅         ⇅         ↓         ↓         ↓
[     ]   [     ]   [     ] ← [ 10  ]   [     ] ← [  7  ] ⇄ [     ]   [     ]
                       ↓         ↑         ↓         ⇅         ⇅         ↓
[     ]   [     ]   [     ]   [     ] ← [ 21  ] → [     ] → [ 27  ]   [     ]
                       ↓         ⇅         ⇅         ⇅         ⇅         ↓
[     ]   [     ] ← [     ] → [     ] → [     ] → [     ]   [     ]   [     ]
             ↓         ⇅         ⇅         ⇅         ↓         ⇅         ↓
[     ] ← [     ] ⇄ [     ] → [     ] ⇄ [     ] → [     ] → [     ]   [     ]
   ↓         ⇅         ⇅         ⇅         ↑         ↓         ⇅         ↓
[     ] → [     ] → [ 30  ] ← [     ] ⇄ [     ] ⇄ [     ] ⇄ [     ]   [     ]
             ⇅         ↓         ⇅         ↑         ⇅         ↑         ↓
[     ]   [     ]   [     ] → [     ] → [     ]   [     ]   [     ] ← [     ]
--------------------------- cycle:33 ---------------------------
[     ]   [     ]   [     ]   [     ]   [     ] → [     ] → [     ]   [     ]
                                           ↑                   ↓
[     ]   [     ]   [     ]   [     ] ⇄ [     ] → [     ] → [     ] → [ 16  ]
                       ⇅         ⇅         ⇅         ↓         ↓         ↓
[     ]   [     ]   [ 11  ] ← [     ]   [     ] ← [     ] ⇄ [ 31  ]   [     ]
                       ↓         ↑         ↓         ⇅         ⇅         ↓
[     ]   [     ]   [     ]   [ 22  ] ← [     ] → [     ] → [     ]   [     ]
                       ↓         ⇅         ⇅         ⇅         ⇅         ↓
[     ]   [     ] ← [     ] → [     ] → [ 32  ] → [     ]   [     ]   [     ]
             ↓         ⇅         ⇅         ⇅         ↓         ⇅         ↓
[     ] ← [     ] ⇄ [  0  ] → [     ] ⇄ [     ] → [     ] → [     ]   [     ]
   ↓         ⇅         ⇅         ⇅         ↑         ↓         ⇅         ↓
[     ] → [     ] → [     ] ← [     ] ⇄ [     ] ⇄ [     ] ⇄ [     ]   [     ]
             ⇅         ↓         ⇅         ↑         ⇅         ↑         ↓
[     ]   [     ]   [     ] → [     ] → [     ]   [     ]   [     ] ← [     ]
